# Generated at commit 6271232 (code as of that commit; predates test_app.py,
# so 15 tests, not the 25 that exist now). Regenerate before trusting this
# as current state -- see Docs/review/POC3_fix_plan.md, Patch 9.

============================= test session starts =============================
platform win32 -- Python 3.11.14, pytest-9.1.1, pluggy-1.6.0 -- <repo>\venv\Scripts\python.exe
cachedir: .pytest_cache
rootdir: <repo>
plugins: anyio-4.15.1, langsmith-0.14.0
collecting ... collected 15 items

test_loading.py::test_loads_docx PASSED                                  [  6%]
test_loading.py::test_loads_pdf_across_pages PASSED                      [ 13%]
test_loading.py::test_loads_txt_utf8 PASSED                              [ 20%]
test_loading.py::test_loads_txt_cp1252_fallback PASSED                   [ 26%]
test_loading.py::test_extension_match_is_case_insensitive PASSED         [ 33%]
test_loading.py::test_unsupported_extension_raises_naming_supported_formats[paper.rtf] PASSED [ 40%]
test_loading.py::test_unsupported_extension_raises_naming_supported_formats[paper.md] PASSED [ 46%]
test_loading.py::test_unsupported_extension_raises_naming_supported_formats[paper] PASSED [ 53%]
test_loading.py::test_blank_pdf_raises_no_extractable_text PASSED        [ 60%]
test_loading.py::test_whitespace_only_docx_raises_no_extractable_text PASSED [ 66%]
test_loading.py::test_cli_reports_loading_error_without_traceback PASSED [ 73%]
test_rvos_poc.py::test_bocken_flags_overlap_not_novel PASSED             [ 80%]
test_rvos_poc.py::test_ispim_does_not_flag_direct_overlap PASSED         [ 86%]
test_rvos_poc.py::test_overlap_claims_cite_a_numbered_source PASSED      [ 93%]
test_rvos_poc.py::test_report_citation_numbers_match_related_work_list PASSED [100%]

======================== 15 passed in 64.92s (0:01:04) ========================
